::1 - - [06/Mar/2023:15:17:18 -0300] "GET /phpmyadmin HTTP/1.1" 301 236
::1 - - [06/Mar/2023:15:17:18 -0300] "GET /phpmyadmin/ HTTP/1.1" 200 4958
::1 - - [06/Mar/2023:15:17:19 -0300] "GET /phpmyadmin/themes/pmahomme/jquery/jquery-ui.css HTTP/1.1" 200 36566
::1 - - [06/Mar/2023:15:17:19 -0300] "GET /phpmyadmin/js/vendor/codemirror/lib/codemirror.css?v=5.1.3 HTTP/1.1" 200 8709
::1 - - [06/Mar/2023:15:17:19 -0300] "GET /phpmyadmin/js/vendor/codemirror/addon/lint/lint.css?v=5.1.3 HTTP/1.1" 200 3035
::1 - - [06/Mar/2023:15:17:19 -0300] "GET /phpmyadmin/js/vendor/codemirror/addon/hint/show-hint.css?v=5.1.3 HTTP/1.1" 200 623
::1 - - [06/Mar/2023:15:17:19 -0300] "GET /phpmyadmin/themes/pmahomme/css/theme.css?v=5.1.3&nocache=-1014558063ltr&server=1 HTTP/1.1" 200 216144
::1 - - [06/Mar/2023:15:17:19 -0300] "GET /phpmyadmin/js/vendor/jquery/jquery.min.js?v=5.1.3 HTTP/1.1" 200 89501
::1 - - [06/Mar/2023:15:17:19 -0300] "GET /phpmyadmin/js/vendor/jquery/jquery-migrate.js?v=5.1.3 HTTP/1.1" 200 25300
::1 - - [06/Mar/2023:15:17:19 -0300] "GET /phpmyadmin/js/vendor/sprintf.js?v=5.1.3 HTTP/1.1" 200 7409
::1 - - [06/Mar/2023:15:17:19 -0300] "GET /phpmyadmin/js/dist/ajax.js?v=5.1.3 HTTP/1.1" 200 31330
::1 - - [06/Mar/2023:15:17:19 -0300] "GET /phpmyadmin/js/dist/keyhandler.js?v=5.1.3 HTTP/1.1" 200 3003
::1 - - [06/Mar/2023:15:17:19 -0300] "GET /phpmyadmin/js/vendor/js.cookie.js?v=5.1.3 HTTP/1.1" 200 3883
::1 - - [06/Mar/2023:15:17:19 -0300] "GET /phpmyadmin/js/vendor/bootstrap/bootstrap.bundle.min.js?v=5.1.3 HTTP/1.1" 200 83253
::1 - - [06/Mar/2023:15:17:19 -0300] "GET /phpmyadmin/js/vendor/jquery/jquery-ui.min.js?v=5.1.3 HTTP/1.1" 200 253669
::1 - - [06/Mar/2023:15:17:19 -0300] "GET /phpmyadmin/js/vendor/jquery/jquery.mousewheel.js?v=5.1.3 HTTP/1.1" 200 8267
::1 - - [06/Mar/2023:15:17:19 -0300] "GET /phpmyadmin/js/vendor/jquery/jquery-ui-timepicker-addon.js?v=5.1.3 HTTP/1.1" 200 78475
::1 - - [06/Mar/2023:15:17:19 -0300] "GET /phpmyadmin/js/vendor/jquery/jquery.validate.js?v=5.1.3 HTTP/1.1" 200 50963
::1 - - [06/Mar/2023:15:17:19 -0300] "GET /phpmyadmin/js/dist/menu_resizer.js?v=5.1.3 HTTP/1.1" 200 5687
::1 - - [06/Mar/2023:15:17:19 -0300] "GET /phpmyadmin/js/vendor/jquery/jquery.debounce-1.0.6.js?v=5.1.3 HTTP/1.1" 200 1608
::1 - - [06/Mar/2023:15:17:19 -0300] "GET /phpmyadmin/js/vendor/jquery/jquery.ba-hashchange-2.0.js?v=5.1.3 HTTP/1.1" 200 10505
::1 - - [06/Mar/2023:15:17:19 -0300] "GET /phpmyadmin/js/dist/cross_framing_protection.js?v=5.1.3 HTTP/1.1" 200 419
::1 - - [06/Mar/2023:15:17:19 -0300] "GET /phpmyadmin/js/dist/rte.js?v=5.1.3 HTTP/1.1" 200 40074
::1 - - [06/Mar/2023:15:17:19 -0300] "GET /phpmyadmin/js/dist/navigation.js?v=5.1.3 HTTP/1.1" 200 54678
::1 - - [06/Mar/2023:15:17:19 -0300] "GET /phpmyadmin/js/dist/config.js?v=5.1.3 HTTP/1.1" 200 25448
::1 - - [06/Mar/2023:15:17:19 -0300] "GET /phpmyadmin/js/dist/functions.js?v=5.1.3 HTTP/1.1" 200 161208
::1 - - [06/Mar/2023:15:17:19 -0300] "GET /phpmyadmin/js/dist/doclinks.js?v=5.1.3 HTTP/1.1" 200 18292
::1 - - [06/Mar/2023:15:17:19 -0300] "GET /phpmyadmin/js/dist/indexes.js?v=5.1.3 HTTP/1.1" 200 26322
::1 - - [06/Mar/2023:15:17:19 -0300] "GET /phpmyadmin/js/dist/page_settings.js?v=5.1.3 HTTP/1.1" 200 1568
::1 - - [06/Mar/2023:15:17:19 -0300] "GET /phpmyadmin/js/dist/common.js?v=5.1.3 HTTP/1.1" 200 4388
::1 - - [06/Mar/2023:15:17:19 -0300] "GET /phpmyadmin/js/vendor/codemirror/mode/sql/sql.js?v=5.1.3 HTTP/1.1" 200 47998
::1 - - [06/Mar/2023:15:17:19 -0300] "GET /phpmyadmin/js/vendor/codemirror/lib/codemirror.js?v=5.1.3 HTTP/1.1" 200 399842
::1 - - [06/Mar/2023:15:17:19 -0300] "GET /phpmyadmin/js/vendor/codemirror/addon/runmode/runmode.js?v=5.1.3 HTTP/1.1" 200 2773
::1 - - [06/Mar/2023:15:17:19 -0300] "GET /phpmyadmin/js/vendor/codemirror/addon/hint/show-hint.js?v=5.1.3 HTTP/1.1" 200 19979
::1 - - [06/Mar/2023:15:17:19 -0300] "GET /phpmyadmin/js/vendor/codemirror/addon/lint/lint.js?v=5.1.3 HTTP/1.1" 200 9985
::1 - - [06/Mar/2023:15:17:19 -0300] "GET /phpmyadmin/js/vendor/codemirror/addon/hint/sql-hint.js?v=5.1.3 HTTP/1.1" 200 9604
::1 - - [06/Mar/2023:15:17:19 -0300] "GET /phpmyadmin/js/dist/codemirror/addon/lint/sql-lint.js?v=5.1.3 HTTP/1.1" 200 959
::1 - - [06/Mar/2023:15:17:19 -0300] "GET /phpmyadmin/js/vendor/tracekit.js?v=5.1.3 HTTP/1.1" 200 47128
::1 - - [06/Mar/2023:15:17:19 -0300] "GET /phpmyadmin/js/dist/error_report.js?v=5.1.3 HTTP/1.1" 200 9664
::1 - - [06/Mar/2023:15:17:19 -0300] "GET /phpmyadmin/js/dist/drag_drop_import.js?v=5.1.3 HTTP/1.1" 200 12308
::1 - - [06/Mar/2023:15:17:19 -0300] "GET /phpmyadmin/js/dist/shortcuts_handler.js?v=5.1.3 HTTP/1.1" 200 3326
::1 - - [06/Mar/2023:15:17:19 -0300] "GET /phpmyadmin/js/dist/console.js?v=5.1.3 HTTP/1.1" 200 49699
::1 - - [06/Mar/2023:15:17:19 -0300] "GET /phpmyadmin/themes/pmahomme/img/logo_right.png HTTP/1.1" 200 4306
::1 - - [06/Mar/2023:15:17:19 -0300] "GET /phpmyadmin/themes/dot.gif HTTP/1.1" 200 43
::1 - - [06/Mar/2023:15:17:19 -0300] "GET /phpmyadmin/themes/pmahomme/css/printview.css?v=5.1.3 HTTP/1.1" 200 1392
::1 - - [06/Mar/2023:15:17:19 -0300] "GET /phpmyadmin/js/messages.php?l=pt&v=5.1.3&lang=pt HTTP/1.1" 200 9113
::1 - - [06/Mar/2023:15:17:19 -0300] "GET /phpmyadmin/themes/pmahomme/img/b_help.png HTTP/1.1" 200 705
::1 - - [06/Mar/2023:15:17:19 -0300] "GET /phpmyadmin/favicon.ico HTTP/1.1" 200 22486
::1 - - [06/Mar/2023:15:17:29 -0300] "POST /phpmyadmin/index.php?route=/ HTTP/1.1" 200 9552
::1 - - [06/Mar/2023:15:17:29 -0300] "GET /phpmyadmin/themes/pmahomme/img/logo_left.png HTTP/1.1" 200 2713
::1 - - [06/Mar/2023:15:17:29 -0300] "GET /phpmyadmin/js/messages.php?l=pt&v=5.1.3 HTTP/1.1" 200 9113
::1 - - [06/Mar/2023:15:17:30 -0300] "GET /phpmyadmin/themes/pmahomme/img/b_home.png HTTP/1.1" 200 734
::1 - - [06/Mar/2023:15:17:30 -0300] "GET /phpmyadmin/themes/pmahomme/img/left_nav_bg.png HTTP/1.1" 200 146
::1 - - [06/Mar/2023:15:17:30 -0300] "GET /phpmyadmin/themes/pmahomme/img/s_loggoff.png HTTP/1.1" 200 626
::1 - - [06/Mar/2023:15:17:30 -0300] "GET /phpmyadmin/themes/pmahomme/img/b_docs.png HTTP/1.1" 200 705
::1 - - [06/Mar/2023:15:17:30 -0300] "GET /phpmyadmin/themes/pmahomme/img/b_sqlhelp.png HTTP/1.1" 200 512
::1 - - [06/Mar/2023:15:17:30 -0300] "GET /phpmyadmin/themes/pmahomme/img/s_cog.png HTTP/1.1" 200 442
::1 - - [06/Mar/2023:15:17:30 -0300] "GET /phpmyadmin/themes/pmahomme/img/s_reload.png HTTP/1.1" 200 527
::1 - - [06/Mar/2023:15:17:30 -0300] "GET /phpmyadmin/themes/pmahomme/img/s_link.png HTTP/1.1" 200 280
::1 - - [06/Mar/2023:15:17:30 -0300] "GET /phpmyadmin/themes/pmahomme/img/b_newdb.png HTTP/1.1" 200 585
::1 - - [06/Mar/2023:15:17:30 -0300] "GET /phpmyadmin/themes/pmahomme/img/s_db.png HTTP/1.1" 200 328
::1 - - [06/Mar/2023:15:17:30 -0300] "GET /phpmyadmin/themes/pmahomme/img/b_plus.png HTTP/1.1" 200 143
::1 - - [06/Mar/2023:15:17:30 -0300] "GET /phpmyadmin/themes/pmahomme/img/s_replication.png HTTP/1.1" 200 399
::1 - - [06/Mar/2023:15:17:30 -0300] "GET /phpmyadmin/themes/pmahomme/img/b_edit.png HTTP/1.1" 200 377
::1 - - [06/Mar/2023:15:17:30 -0300] "GET /phpmyadmin/themes/pmahomme/img/b_engine.png HTTP/1.1" 200 398
::1 - - [06/Mar/2023:15:17:30 -0300] "GET /phpmyadmin/themes/pmahomme/img/window-new.png HTTP/1.1" 200 468
::1 - - [06/Mar/2023:15:17:30 -0300] "GET /phpmyadmin/themes/pmahomme/img/s_host.png HTTP/1.1" 200 591
::1 - - [06/Mar/2023:15:17:30 -0300] "GET /phpmyadmin/themes/pmahomme/img/b_import.png HTTP/1.1" 200 556
::1 - - [06/Mar/2023:15:17:30 -0300] "GET /phpmyadmin/themes/pmahomme/img/s_status.png HTTP/1.1" 200 600
::1 - - [06/Mar/2023:15:17:30 -0300] "GET /phpmyadmin/themes/pmahomme/img/s_vars.png HTTP/1.1" 200 523
::1 - - [06/Mar/2023:15:17:30 -0300] "GET /phpmyadmin/themes/pmahomme/img/s_rights.png HTTP/1.1" 200 461
::1 - - [06/Mar/2023:15:17:30 -0300] "GET /phpmyadmin/themes/pmahomme/img/b_tblops.png HTTP/1.1" 200 537
::1 - - [06/Mar/2023:15:17:30 -0300] "GET /phpmyadmin/themes/pmahomme/img/b_export.png HTTP/1.1" 200 514
::1 - - [06/Mar/2023:15:17:30 -0300] "GET /phpmyadmin/themes/pmahomme/img/s_top.png HTTP/1.1" 200 220
::1 - - [06/Mar/2023:15:17:30 -0300] "GET /phpmyadmin/themes/pmahomme/img/b_sql.png HTTP/1.1" 200 680
::1 - - [06/Mar/2023:15:17:30 -0300] "GET /phpmyadmin/themes/pmahomme/img/s_asci.png HTTP/1.1" 200 148
::1 - - [06/Mar/2023:15:17:30 -0300] "GET /phpmyadmin/themes/pmahomme/img/console.png HTTP/1.1" 200 292
::1 - - [06/Mar/2023:15:17:30 -0300] "GET /phpmyadmin/themes/pmahomme/img/b_plugin.png HTTP/1.1" 200 512
::1 - - [06/Mar/2023:15:17:30 -0300] "POST /phpmyadmin/index.php?route=/config/get HTTP/1.1" 200 67
::1 - - [06/Mar/2023:15:17:30 -0300] "GET /phpmyadmin/themes/pmahomme/img/ajax_clock_small.gif HTTP/1.1" 200 1810
::1 - - [06/Mar/2023:15:17:30 -0300] "POST /phpmyadmin/index.php?route=/config/get HTTP/1.1" 200 67
::1 - - [06/Mar/2023:15:17:30 -0300] "POST /phpmyadmin/index.php?route=/navigation&ajax_request=1 HTTP/1.1" 200 67
::1 - - [06/Mar/2023:15:17:30 -0300] "POST /phpmyadmin/index.php?route=/error-report HTTP/1.1" 200 67
::1 - - [06/Mar/2023:15:17:36 -0300] "GET /phpmyadmin/index.php?route=/ HTTP/1.1" 200 4939
::1 - - [06/Mar/2023:15:17:41 -0300] "POST /phpmyadmin/index.php?route=/ HTTP/1.1" 302 20
::1 - - [06/Mar/2023:15:17:41 -0300] "GET /phpmyadmin/index.php?route=/&route=%2F HTTP/1.1" 200 15602
::1 - - [06/Mar/2023:15:17:41 -0300] "GET /phpmyadmin/themes/pmahomme/css/theme.css?v=5.1.3&nocache=506339574ltr&server=1 HTTP/1.1" 200 216144
::1 - - [06/Mar/2023:15:17:41 -0300] "GET /phpmyadmin/themes/pmahomme/img/s_passwd.png HTTP/1.1" 200 331
::1 - - [06/Mar/2023:15:17:41 -0300] "GET /phpmyadmin/themes/pmahomme/img/s_lang.png HTTP/1.1" 200 659
::1 - - [06/Mar/2023:15:17:41 -0300] "GET /phpmyadmin/themes/pmahomme/img/s_theme.png HTTP/1.1" 200 772
::1 - - [06/Mar/2023:15:17:41 -0300] "GET /phpmyadmin/themes/pmahomme/img/s_notice.png HTTP/1.1" 200 567
::1 - - [06/Mar/2023:15:17:41 -0300] "POST /phpmyadmin/index.php?route=/config/get HTTP/1.1" 200 1576
::1 - - [06/Mar/2023:15:17:41 -0300] "POST /phpmyadmin/index.php?route=/config/get HTTP/1.1" 200 1667
::1 - - [06/Mar/2023:15:17:41 -0300] "POST /phpmyadmin/index.php?route=/navigation&ajax_request=1 HTTP/1.1" 200 2134
::1 - - [06/Mar/2023:15:17:41 -0300] "POST /phpmyadmin/index.php?route=/version-check HTTP/1.1" 200 64
::1 - - [06/Mar/2023:15:17:41 -0300] "POST /phpmyadmin/index.php?route=/config/set HTTP/1.1" 200 1567
::1 - - [06/Mar/2023:15:17:41 -0300] "POST /phpmyadmin/index.php?route=/navigation&ajax_request=1 HTTP/1.1" 200 1594
::1 - - [06/Mar/2023:15:17:42 -0300] "GET /phpmyadmin/themes/pmahomme/img/b_minus.png HTTP/1.1" 200 123
