2023-03-06T18:17:07.733264Z 0 [Warning] TIMESTAMP with implicit DEFAULT value is deprecated. Please use --explicit_defaults_for_timestamp server option (see documentation for more details).
2023-03-06T18:17:07.733474Z 0 [Note] --secure-file-priv is set to NULL. Operations related to importing and exporting data are disabled
2023-03-06T18:17:07.733874Z 0 [ERROR] Cannot open Windows EventLog; check privileges, or start server with --log_syslog=0
2023-03-06T18:17:07.733896Z 0 [Note] C:\Users\etec\Downloads\usbwebserver_v8.6.5\usbwebserver/mysql/bin/mysqld_usbwv8.exe (mysqld 5.7.36) starting as process 4992 ...
2023-03-06T18:17:07.734480Z 0 [ERROR] Error message file 'C:\Users\etec\Downloads\usbwebserver_v8.6.5\usbwebserver\mysql\share\english\errmsg.sys' had only 886 error messages,
                    but it should contain at least 1123 error messages.
                    Check that the above file is the right version for                     this program!
2023-03-06T18:17:07.747338Z 0 [Note] InnoDB: Mutexes and rw_locks use Windows interlocked functions
2023-03-06T18:17:07.747728Z 0 [Note] InnoDB: Uses event mutexes
2023-03-06T18:17:07.747951Z 0 [Note] InnoDB: Memory barrier is not used
2023-03-06T18:17:07.748201Z 0 [Note] InnoDB: Compressed tables use zlib 1.2.11
2023-03-06T18:17:07.748891Z 0 [Note] InnoDB: Number of pools: 1
2023-03-06T18:17:07.749268Z 0 [Note] InnoDB: Not using CPU crc32 instructions
2023-03-06T18:17:07.751428Z 0 [Note] InnoDB: Initializing buffer pool, total size = 128M, instances = 1, chunk size = 128M
2023-03-06T18:17:07.756881Z 0 [Note] InnoDB: Completed initialization of buffer pool
2023-03-06T18:17:07.779963Z 0 [Note] InnoDB: The first innodb_system data file 'ibdata1' did not exist. A new tablespace will be created!
2023-03-06T18:17:07.781249Z 0 [Note] InnoDB: Setting file 'C:\Users\etec\Downloads\usbwebserver_v8.6.5\usbwebserver\mysql\data\ibdata1' size to 10 MB. Physically writing the file full; Please wait ...
2023-03-06T18:17:07.912082Z 0 [Note] InnoDB: File 'C:\Users\etec\Downloads\usbwebserver_v8.6.5\usbwebserver\mysql\data\ibdata1' size is now 10 MB.
2023-03-06T18:17:07.915011Z 0 [Note] InnoDB: Setting log file C:\Users\etec\Downloads\usbwebserver_v8.6.5\usbwebserver\mysql\data\ib_logfile101 size to 5 MB
2023-03-06T18:17:08.134608Z 0 [Note] InnoDB: Setting log file C:\Users\etec\Downloads\usbwebserver_v8.6.5\usbwebserver\mysql\data\ib_logfile1 size to 5 MB
2023-03-06T18:17:08.651683Z 0 [Note] InnoDB: Renaming log file C:\Users\etec\Downloads\usbwebserver_v8.6.5\usbwebserver\mysql\data\ib_logfile101 to C:\Users\etec\Downloads\usbwebserver_v8.6.5\usbwebserver\mysql\data\ib_logfile0
2023-03-06T18:17:08.671079Z 0 [Warning] InnoDB: New log files created, LSN=45790
2023-03-06T18:17:08.671474Z 0 [Note] InnoDB: Creating shared tablespace for temporary tables
2023-03-06T18:17:08.672227Z 0 [Note] InnoDB: Setting file 'C:\Users\etec\Downloads\usbwebserver_v8.6.5\usbwebserver\mysql\data\ibtmp1' size to 12 MB. Physically writing the file full; Please wait ...
2023-03-06T18:17:08.822451Z 0 [Note] InnoDB: File 'C:\Users\etec\Downloads\usbwebserver_v8.6.5\usbwebserver\mysql\data\ibtmp1' size is now 12 MB.
2023-03-06T18:17:08.866317Z 0 [Note] InnoDB: Doublewrite buffer not found: creating new
2023-03-06T18:17:09.101251Z 0 [Note] InnoDB: Doublewrite buffer created
2023-03-06T18:17:09.915161Z 0 [Note] InnoDB: 96 redo rollback segment(s) found. 96 redo rollback segment(s) are active.
2023-03-06T18:17:09.915846Z 0 [Note] InnoDB: 32 non-redo rollback segment(s) are active.
2023-03-06T18:17:09.945606Z 0 [Warning] InnoDB: Creating foreign key constraint system tables.
2023-03-06T18:17:10.009399Z 0 [Note] InnoDB: Foreign key constraint system tables created
2023-03-06T18:17:10.009880Z 0 [Note] InnoDB: Creating tablespace and datafile system tables.
2023-03-06T18:17:10.039694Z 0 [Note] InnoDB: Tablespace and datafile system tables created.
2023-03-06T18:17:10.040184Z 0 [Note] InnoDB: Creating sys_virtual system tables.
2023-03-06T18:17:10.067687Z 0 [Note] InnoDB: sys_virtual table created
2023-03-06T18:17:10.068336Z 0 [Note] InnoDB: Waiting for purge to start
2023-03-06T18:17:10.124170Z 0 [Note] InnoDB: 5.7.36 started; log sequence number 0
2023-03-06T18:17:10.125134Z 0 [Note] Plugin 'FEDERATED' is disabled.
2023-03-06T18:17:10.140822Z 0 [Warning] System table 'plugin' is expected to be transactional.
2023-03-06T18:17:10.141981Z 0 [Warning] Gtid table is not ready to be used. Table 'mysql.gtid_executed' cannot be opened.
2023-03-06T18:17:10.144311Z 0 [Note] Found ca.pem, server-cert.pem and server-key.pem in data directory. Trying to enable SSL support using them.
2023-03-06T18:17:10.144807Z 0 [Note] Skipping generation of SSL certificates as certificate files are present in data directory.
2023-03-06T18:17:10.145232Z 0 [Warning] 
2023-03-06T18:17:10.145366Z 0 [Warning] 
2023-03-06T18:17:10.146756Z 0 [Warning] CA certificate ca.pem is self signed.
2023-03-06T18:17:10.147156Z 0 [Note] Skipping generation of RSA key pair as key files are present in data directory.
2023-03-06T18:17:10.147774Z 0 [Note] Server hostname (bind-address): '*'; port: 3306
2023-03-06T18:17:10.148394Z 0 [Note] IPv6 is available.
2023-03-06T18:17:10.148672Z 0 [Note]   - '::' resolves to '::';
2023-03-06T18:17:10.148996Z 0 [Note] Server socket created on IP: '::'.
2023-03-06T18:17:10.149958Z 0 [Warning] Failed to open optimizer cost constant tables

2023-03-06T18:17:10.155667Z 0 [Warning] System table 'time_zone_leap_second' is expected to be transactional.
2023-03-06T18:17:10.156048Z 0 [Warning] System table 'time_zone_name' is expected to be transactional.
2023-03-06T18:17:10.156412Z 0 [Warning] System table 'time_zone' is expected to be transactional.
2023-03-06T18:17:10.156771Z 0 [Warning] System table 'time_zone_transition_type' is expected to be transactional.
2023-03-06T18:17:10.157224Z 0 [Warning] System table 'time_zone_transition' is expected to be transactional.
2023-03-06T18:17:10.159320Z 0 [Warning] System table 'servers' is expected to be transactional.
2023-03-06T18:17:10.160567Z 0 [Warning] InnoDB: Cannot open table mysql/slave_master_info from the internal data dictionary of InnoDB though the .frm file for the table exists. Please refer to http://dev.mysql.com/doc/refman/5.7/en/innodb-troubleshooting.html for how to resolve the issue.
2023-03-06T18:17:10.162092Z 0 [Warning] InnoDB: Cannot open table mysql/slave_relay_log_info from the internal data dictionary of InnoDB though the .frm file for the table exists. Please refer to http://dev.mysql.com/doc/refman/5.7/en/innodb-troubleshooting.html for how to resolve the issue.
2023-03-06T18:17:10.163369Z 0 [Warning] InnoDB: Cannot open table mysql/slave_master_info from the internal data dictionary of InnoDB though the .frm file for the table exists. Please refer to http://dev.mysql.com/doc/refman/5.7/en/innodb-troubleshooting.html for how to resolve the issue.
2023-03-06T18:17:10.164438Z 0 [Warning] Info table is not ready to be used. Table 'mysql.slave_master_info' cannot be opened.
2023-03-06T18:17:10.165152Z 0 [Warning] InnoDB: Cannot open table mysql/slave_worker_info from the internal data dictionary of InnoDB though the .frm file for the table exists. Please refer to http://dev.mysql.com/doc/refman/5.7/en/innodb-troubleshooting.html for how to resolve the issue.
2023-03-06T18:17:10.166333Z 0 [Warning] InnoDB: Cannot open table mysql/slave_relay_log_info from the internal data dictionary of InnoDB though the .frm file for the table exists. Please refer to http://dev.mysql.com/doc/refman/5.7/en/innodb-troubleshooting.html for how to resolve the issue.
2023-03-06T18:17:10.167658Z 0 [Warning] Info table is not ready to be used. Table 'mysql.slave_relay_log_info' cannot be opened.
2023-03-06T18:17:10.168228Z 0 [Note] Failed to start slave threads for channel ''
2023-03-06T18:17:10.168839Z 0 [ERROR] Incorrect definition of table performance_schema.events_waits_current: expected column 'NESTING_EVENT_TYPE' at position 15 to have type enum('TRANSACTION','STATEMENT','STAGE','WAIT', found type enum('STATEMENT','STAGE','WAIT').
2023-03-06T18:17:10.169845Z 0 [ERROR] Incorrect definition of table performance_schema.events_waits_history: expected column 'NESTING_EVENT_TYPE' at position 15 to have type enum('TRANSACTION','STATEMENT','STAGE','WAIT', found type enum('STATEMENT','STAGE','WAIT').
2023-03-06T18:17:10.170940Z 0 [ERROR] Incorrect definition of table performance_schema.events_waits_history_long: expected column 'NESTING_EVENT_TYPE' at position 15 to have type enum('TRANSACTION','STATEMENT','STAGE','WAIT', found type enum('STATEMENT','STAGE','WAIT').
2023-03-06T18:17:10.172387Z 0 [ERROR] Incorrect definition of table performance_schema.events_waits_summary_by_user_by_event_name: expected column 'USER' at position 0 to have type char(32), found type char(16).
2023-03-06T18:17:10.173318Z 0 [ERROR] Incorrect definition of table performance_schema.events_waits_summary_by_account_by_event_name: expected column 'USER' at position 0 to have type char(32), found type char(16).
2023-03-06T18:17:10.175093Z 0 [ERROR] 
2023-03-06T18:17:10.175536Z 0 [ERROR] Incorrect definition of table performance_schema.setup_objects: expected column 'OBJECT_TYPE' at position 0 to have type enum('EVENT','FUNCTION','PROCEDURE','TABLE','TRIGGER', found type enum('TABLE').
2023-03-06T18:17:10.176893Z 0 [ERROR] 
2023-03-06T18:17:10.177171Z 0 [ERROR] 
2023-03-06T18:17:10.177476Z 0 [ERROR] 
2023-03-06T18:17:10.177803Z 0 [ERROR] 
2023-03-06T18:17:10.178134Z 0 [ERROR] 
2023-03-06T18:17:10.178631Z 0 [ERROR] Incorrect definition of table performance_schema.events_stages_summary_by_account_by_event_name: expected column 'USER' at position 0 to have type char(32), found type char(16).
2023-03-06T18:17:10.179500Z 0 [ERROR] Incorrect definition of table performance_schema.events_stages_summary_by_user_by_event_name: expected column 'USER' at position 0 to have type char(32), found type char(16).
2023-03-06T18:17:10.180570Z 0 [ERROR] 
2023-03-06T18:17:10.180821Z 0 [ERROR] 
2023-03-06T18:17:10.181078Z 0 [ERROR] 
2023-03-06T18:17:10.181455Z 0 [ERROR] Incorrect definition of table performance_schema.events_statements_summary_by_account_by_event_name: expected column 'USER' at position 0 to have type char(32), found type char(16).
2023-03-06T18:17:10.182437Z 0 [ERROR] Incorrect definition of table performance_schema.events_statements_summary_by_user_by_event_name: expected column 'USER' at position 0 to have type char(32), found type char(16).
2023-03-06T18:17:10.183858Z 0 [ERROR] 
2023-03-06T18:17:10.184071Z 0 [ERROR] 
2023-03-06T18:17:10.184268Z 0 [ERROR] 
2023-03-06T18:17:10.184461Z 0 [ERROR] 
2023-03-06T18:17:10.184661Z 0 [ERROR] 
2023-03-06T18:17:10.184858Z 0 [ERROR] 
2023-03-06T18:17:10.185060Z 0 [ERROR] 
2023-03-06T18:17:10.185268Z 0 [ERROR] 
2023-03-06T18:17:10.185471Z 0 [ERROR] 
2023-03-06T18:17:10.185712Z 0 [ERROR] Incorrect definition of table performance_schema.users: expected column 'USER' at position 0 to have type char(32), found type char(16).
2023-03-06T18:17:10.186399Z 0 [ERROR] Incorrect definition of table performance_schema.accounts: expected column 'USER' at position 0 to have type char(32), found type char(16).
2023-03-06T18:17:10.187751Z 0 [ERROR] 
2023-03-06T18:17:10.188028Z 0 [ERROR] 
2023-03-06T18:17:10.188305Z 0 [ERROR] 
2023-03-06T18:17:10.188586Z 0 [ERROR] 
2023-03-06T18:17:10.188893Z 0 [ERROR] 
2023-03-06T18:17:10.189173Z 0 [ERROR] 
2023-03-06T18:17:10.189380Z 0 [ERROR] 
2023-03-06T18:17:10.189576Z 0 [ERROR] 
2023-03-06T18:17:10.189773Z 0 [ERROR] 
2023-03-06T18:17:10.189969Z 0 [ERROR] 
2023-03-06T18:17:10.190163Z 0 [ERROR] 
2023-03-06T18:17:10.190363Z 0 [ERROR] 
2023-03-06T18:17:10.190623Z 0 [ERROR] 
2023-03-06T18:17:10.190894Z 0 [ERROR] 
2023-03-06T18:17:10.191185Z 0 [ERROR] 
2023-03-06T18:17:10.191482Z 0 [ERROR] 
2023-03-06T18:17:10.191815Z 0 [ERROR] 
2023-03-06T18:17:10.192160Z 0 [ERROR] 
2023-03-06T18:17:10.192475Z 0 [ERROR] 
2023-03-06T18:17:10.192762Z 0 [ERROR] 
2023-03-06T18:17:10.193038Z 0 [ERROR] 
2023-03-06T18:17:10.193263Z 0 [ERROR] 
2023-03-06T18:17:10.193459Z 0 [ERROR] 
2023-03-06T18:17:10.193648Z 0 [ERROR] 
2023-03-06T18:17:10.193852Z 0 [ERROR] 
2023-03-06T18:17:10.194049Z 0 [ERROR] 
2023-03-06T18:17:10.194323Z 0 [ERROR] Incorrect definition of table mysql.db: expected column 'User' at position 2 to have type char(32), found type char(16).
2023-03-06T18:17:10.194874Z 0 [ERROR] mysql.user has no `Event_priv` column at position 28
2023-03-06T18:17:10.195523Z 0 [ERROR] Event Scheduler: An error occurred when initializing system tables. Disabling the Event Scheduler.
2023-03-06T18:17:10.196116Z 0 [Note] 
2023-03-06T18:17:29.877720Z 2 [ERROR] Error message file 'C:\Users\etec\Downloads\usbwebserver_v8.6.5\usbwebserver\mysql\share\portuguese\errmsg.sys' had only 886 error messages,
                    but it should contain at least 1123 error messages.
                    Check that the above file is the right version for                     this program!
